[INFO] 18-11-2025 22:16:09 [main] LogUtils - Starting test : Test Login Success
[INFO] 18-11-2025 22:16:12 [main] LogUtils - Navigate to URL : https://crm.anhtester.com/admin/authentication
[INFO] 18-11-2025 22:16:13 [main] LogUtils - Entered email: admin@example.com
[INFO] 18-11-2025 22:16:14 [main] LogUtils - Entered password: 123456
[INFO] 18-11-2025 22:16:16 [main] LogUtils - Clicked on Login button
[INFO] 18-11-2025 22:23:19 [main] LogUtils - Starting test : Test Login Success
[INFO] 18-11-2025 22:23:21 [main] LogUtils - Navigate to URL : https://crm.anhtester.com/admin/authentication
[INFO] 18-11-2025 22:23:22 [main] LogUtils - Entered email: admin@example.com
[INFO] 18-11-2025 22:23:23 [main] LogUtils - Entered password: 123456
[INFO] 18-11-2025 22:23:26 [main] LogUtils - Clicked on Login button
[WARN] 18-11-2025 22:23:26 [main] LogUtils -  Đây là cảnh báo trong quá trình chạy test 
[INFO] 18-11-2025 22:37:22 [main] LogUtils - Open URL:  https://crm.anhtester.com/admin/authentication
[INFO] 18-11-2025 22:37:22 [main] LogUtils - Navigate to URL : https://crm.anhtester.com/admin/authentication
[INFO] 18-11-2025 22:37:23 [main] LogUtils - Set text admin@example.com on element By.xpath: //input[@id='email']
[INFO] 18-11-2025 22:37:24 [main] LogUtils - Set text 123456 on element By.xpath: //input[@id='password']
[INFO] 18-11-2025 22:37:25 [main] LogUtils - Click on element By.xpath: //button[normalize-space()='Login']
[WARN] 18-11-2025 22:37:25 [main] LogUtils - Không tìm thấy phần tử. Thử lại lần 1
[INFO] 18-11-2025 22:37:28 [main] LogUtils - Tìm thấy phần tử ở lần thử thứ 2
[INFO] 18-11-2025 22:54:14 [main] LogUtils - Open URL:  https://crm.anhtester.com/admin/authentication
[INFO] 18-11-2025 22:54:15 [main] LogUtils - Set text admin@example.com on element By.xpath: //input[@id='email']
[INFO] 18-11-2025 22:54:16 [main] LogUtils - Set text 123456 on element By.xpath: //input[@id='password']
[INFO] 18-11-2025 22:54:17 [main] LogUtils - Click on element By.xpath: //button[normalize-space()='Login']
[WARN] 18-11-2025 22:54:17 [main] LogUtils - Không tìm thấy phần tử. Thử lại lần 1
[INFO] 18-11-2025 22:54:20 [main] LogUtils - Tìm thấy phần tử ở lần thử thứ 2
[INFO] 18-11-2025 22:54:23 [main] LogUtils - Open URL:  https://crm.anhtester.com/admin/authentication
[INFO] 18-11-2025 22:54:24 [main] LogUtils - Set text admin123@example.com on element By.xpath: //input[@id='email']
[INFO] 18-11-2025 22:54:25 [main] LogUtils - Set text 123456 on element By.xpath: //input[@id='password']
[INFO] 18-11-2025 22:54:26 [main] LogUtils - Click on element By.xpath: //button[normalize-space()='Login']
[INFO] 18-11-2025 22:54:26 [main] LogUtils - Tìm thấy phần tử ở lần thử thứ 1
[INFO] 18-11-2025 22:54:29 [main] LogUtils - Open URL:  https://crm.anhtester.com/admin/authentication
[INFO] 18-11-2025 22:54:31 [main] LogUtils - Set text admin@example.com on element By.xpath: //input[@id='email']
[INFO] 18-11-2025 22:54:32 [main] LogUtils - Set text 123456789 on element By.xpath: //input[@id='password']
[INFO] 18-11-2025 22:54:33 [main] LogUtils - Click on element By.xpath: //button[normalize-space()='Login']
[INFO] 18-11-2025 22:54:33 [main] LogUtils - Tìm thấy phần tử ở lần thử thứ 1
[INFO] 18-11-2025 22:54:36 [main] LogUtils - Open URL:  https://crm.anhtester.com/admin/authentication
[INFO] 18-11-2025 22:54:37 [main] LogUtils - Set text  on element By.xpath: //input[@id='email']
[INFO] 18-11-2025 22:54:38 [main] LogUtils - Set text 123456789 on element By.xpath: //input[@id='password']
[INFO] 18-11-2025 22:54:39 [main] LogUtils - Click on element By.xpath: //button[normalize-space()='Login']
[INFO] 18-11-2025 22:54:39 [main] LogUtils - Tìm thấy phần tử ở lần thử thứ 1
[INFO] 18-11-2025 22:54:42 [main] LogUtils - Open URL:  https://crm.anhtester.com/admin/authentication
[INFO] 18-11-2025 22:54:43 [main] LogUtils - Set text admin@example.com on element By.xpath: //input[@id='email']
[INFO] 18-11-2025 22:54:44 [main] LogUtils - Set text  on element By.xpath: //input[@id='password']
[INFO] 18-11-2025 22:54:46 [main] LogUtils - Click on element By.xpath: //button[normalize-space()='Login']
[INFO] 18-11-2025 22:54:46 [main] LogUtils - Tìm thấy phần tử ở lần thử thứ 1
[INFO] 18-11-2025 22:54:49 [main] LogUtils - Open URL:  https://crm.anhtester.com/admin/authentication
[INFO] 18-11-2025 22:54:50 [main] LogUtils - Set text admin@example.com on element By.xpath: //input[@id='email']
[INFO] 18-11-2025 22:54:51 [main] LogUtils - Set text 123456 on element By.xpath: //input[@id='password']
[INFO] 18-11-2025 22:54:54 [main] LogUtils - Click on element By.xpath: //button[normalize-space()='Login']
[INFO] 18-11-2025 22:54:54 [main] LogUtils - Tìm thấy phần tử ở lần thử thứ 1
[INFO] 18-11-2025 22:54:55 [main] LogUtils - Click on element By.xpath: //li[@class='icon header-user-profile']//img
[INFO] 18-11-2025 22:54:56 [main] LogUtils - Click on element By.xpath: //a[text()='Logout']
[INFO] 18-11-2025 22:54:56 [main] LogUtils - checkElementExist: true --- By.xpath: //h1[normalize-space()='Login']
